mode: set
subscription-service/cmd/web/handlers.go:17.2,18.1 1 1
subscription-service/cmd/web/handlers.go:21.2,22.1 1 1
subscription-service/cmd/web/handlers.go:25.2,26.1 3 1
subscription-service/cmd/web/handlers.go:28.2,29.16 3 1
subscription-service/cmd/web/handlers.go:30.3,31.1 1 0
subscription-service/cmd/web/handlers.go:34.2,36.1 4 1
subscription-service/cmd/web/handlers.go:37.2,38.16 4 1
subscription-service/cmd/web/handlers.go:39.3,42.1 3 0
subscription-service/cmd/web/handlers.go:45.2,46.16 2 1
subscription-service/cmd/web/handlers.go:47.3,50.1 3 1
subscription-service/cmd/web/handlers.go:52.2,52.20 1 0
subscription-service/cmd/web/handlers.go:53.3,57.1 5 0
subscription-service/cmd/web/handlers.go:59.3,60.1 5 0
subscription-service/cmd/web/handlers.go:61.3,64.1 5 0
subscription-service/cmd/web/handlers.go:67.2,69.1 4 0
subscription-service/cmd/web/handlers.go:70.2,71.1 4 0
subscription-service/cmd/web/handlers.go:72.2,72.47 4 0
subscription-service/cmd/web/handlers.go:76.2,78.1 3 0
subscription-service/cmd/web/handlers.go:79.2,80.1 3 0
subscription-service/cmd/web/handlers.go:83.2,84.1 1 0
subscription-service/cmd/web/handlers.go:87.2,88.16 2 0
subscription-service/cmd/web/handlers.go:89.3,90.1 1 0
subscription-service/cmd/web/handlers.go:93.2,100.1 3 0
subscription-service/cmd/web/handlers.go:102.2,103.16 3 0
subscription-service/cmd/web/handlers.go:104.3,107.1 3 0
subscription-service/cmd/web/handlers.go:110.2,113.1 7 0
subscription-service/cmd/web/handlers.go:114.2,119.1 7 0
subscription-service/cmd/web/handlers.go:121.2,122.1 7 0
subscription-service/cmd/web/handlers.go:123.2,124.52 7 0
subscription-service/cmd/web/handlers.go:129.2,132.1 4 0
subscription-service/cmd/web/handlers.go:133.2,133.11 4 0
subscription-service/cmd/web/handlers.go:134.3,137.1 3 0
subscription-service/cmd/web/handlers.go:140.2,141.16 2 0
subscription-service/cmd/web/handlers.go:142.3,145.1 3 0
subscription-service/cmd/web/handlers.go:147.2,149.16 3 0
subscription-service/cmd/web/handlers.go:150.3,153.1 3 0
subscription-service/cmd/web/handlers.go:155.2,156.52 2 0
subscription-service/cmd/web/handlers.go:161.2,162.1 3 0
subscription-service/cmd/web/handlers.go:163.2,164.16 3 0
subscription-service/cmd/web/handlers.go:165.3,166.1 1 0
subscription-service/cmd/web/handlers.go:169.2,170.16 2 0
subscription-service/cmd/web/handlers.go:171.3,174.1 3 0
subscription-service/cmd/web/handlers.go:177.2,178.9 2 0
subscription-service/cmd/web/handlers.go:179.3,182.1 3 0
subscription-service/cmd/web/handlers.go:185.2,186.1 2 0
subscription-service/cmd/web/handlers.go:187.2,187.12 2 0
subscription-service/cmd/web/handlers.go:188.3,189.1 3 0
subscription-service/cmd/web/handlers.go:190.3,191.17 3 0
subscription-service/cmd/web/handlers.go:192.4,193.1 1 0
subscription-service/cmd/web/handlers.go:195.3,200.1 2 0
subscription-service/cmd/web/handlers.go:202.3,202.21 2 0
subscription-service/cmd/web/handlers.go:205.2,206.1 2 0
subscription-service/cmd/web/handlers.go:208.2,208.12 2 0
subscription-service/cmd/web/handlers.go:209.3,210.1 4 0
subscription-service/cmd/web/handlers.go:211.3,213.17 4 0
subscription-service/cmd/web/handlers.go:214.4,216.1 2 0
subscription-service/cmd/web/handlers.go:218.3,225.1 3 0
subscription-service/cmd/web/handlers.go:227.3,228.1 3 0
subscription-service/cmd/web/handlers.go:230.3,230.51 3 0
subscription-service/cmd/web/handlers.go:234.2,235.16 2 0
subscription-service/cmd/web/handlers.go:236.3,239.1 3 0
subscription-service/cmd/web/handlers.go:241.2,242.16 2 0
subscription-service/cmd/web/handlers.go:243.3,246.1 3 0
subscription-service/cmd/web/handlers.go:248.2,249.1 3 0
subscription-service/cmd/web/handlers.go:251.2,252.60 3 0
subscription-service/cmd/web/handlers.go:256.2,258.1 14 0
subscription-service/cmd/web/handlers.go:259.2,260.1 14 0
subscription-service/cmd/web/handlers.go:261.2,262.1 14 0
subscription-service/cmd/web/handlers.go:263.2,265.1 14 0
subscription-service/cmd/web/handlers.go:266.2,267.1 14 0
subscription-service/cmd/web/handlers.go:268.2,270.1 14 0
subscription-service/cmd/web/handlers.go:271.2,275.1 14 0
subscription-service/cmd/web/handlers.go:276.2,277.1 14 0
subscription-service/cmd/web/handlers.go:280.2,281.1 1 0
subscription-service/cmd/web/handlers.go:284.2,285.16 2 0
subscription-service/cmd/web/handlers.go:286.3,288.1 2 0
subscription-service/cmd/web/handlers.go:290.2,292.1 3 0
subscription-service/cmd/web/handlers.go:293.2,295.4 3 0
subscription-service/cmd/web/helpers.go:4.2,6.1 2 0
subscription-service/cmd/web/mailer.go:42.2,42.6 1 0
subscription-service/cmd/web/mailer.go:43.3,43.10 1 0
subscription-service/cmd/web/mailer.go:45.4,45.53 1 0
subscription-service/cmd/web/mailer.go:47.4,47.29 1 0
subscription-service/cmd/web/mailer.go:49.4,49.10 1 0
subscription-service/cmd/web/mailer.go:55.2,56.1 2 0
subscription-service/cmd/web/mailer.go:57.2,57.24 2 0
subscription-service/cmd/web/mailer.go:58.3,59.1 1 0
subscription-service/cmd/web/mailer.go:61.2,61.20 1 0
subscription-service/cmd/web/mailer.go:62.3,63.1 1 0
subscription-service/cmd/web/mailer.go:65.2,65.24 1 0
subscription-service/cmd/web/mailer.go:66.3,67.1 1 0
subscription-service/cmd/web/mailer.go:69.2,69.30 1 0
subscription-service/cmd/web/mailer.go:70.3,71.1 1 0
subscription-service/cmd/web/mailer.go:77.2,77.27 1 0
subscription-service/cmd/web/mailer.go:78.3,79.1 1 0
subscription-service/cmd/web/mailer.go:81.2,82.1 3 0
subscription-service/cmd/web/mailer.go:84.2,85.16 3 0
subscription-service/cmd/web/mailer.go:86.3,87.1 1 0
subscription-service/cmd/web/mailer.go:90.2,91.16 2 0
subscription-service/cmd/web/mailer.go:92.3,93.1 1 0
subscription-service/cmd/web/mailer.go:95.2,104.1 11 0
subscription-service/cmd/web/mailer.go:105.2,106.16 11 0
subscription-service/cmd/web/mailer.go:107.3,108.1 1 0
subscription-service/cmd/web/mailer.go:110.2,112.1 5 0
subscription-service/cmd/web/mailer.go:113.2,115.1 5 0
subscription-service/cmd/web/mailer.go:116.2,116.30 5 0
subscription-service/cmd/web/mailer.go:117.3,117.37 1 0
subscription-service/cmd/web/mailer.go:118.4,119.1 1 0
subscription-service/cmd/web/mailer.go:122.2,122.32 1 0
subscription-service/cmd/web/mailer.go:123.3,123.45 1 0
subscription-service/cmd/web/mailer.go:124.4,125.1 1 0
subscription-service/cmd/web/mailer.go:128.2,129.16 2 0
subscription-service/cmd/web/mailer.go:130.3,131.1 1 0
subscription-service/cmd/web/mailer.go:135.2,136.1 3 0
subscription-service/cmd/web/mailer.go:137.2,138.16 3 0
subscription-service/cmd/web/mailer.go:139.3,140.1 1 0
subscription-service/cmd/web/mailer.go:142.2,143.68 2 0
subscription-service/cmd/web/mailer.go:144.3,145.1 1 0
subscription-service/cmd/web/mailer.go:147.2,149.16 3 0
subscription-service/cmd/web/mailer.go:150.3,151.1 1 0
subscription-service/cmd/web/mailer.go:153.2,153.30 1 0
subscription-service/cmd/web/mailer.go:157.2,158.1 3 0
subscription-service/cmd/web/mailer.go:159.2,160.16 3 0
subscription-service/cmd/web/mailer.go:161.3,162.1 1 0
subscription-service/cmd/web/mailer.go:164.2,165.68 2 0
subscription-service/cmd/web/mailer.go:166.3,167.1 1 0
subscription-service/cmd/web/mailer.go:169.2,170.1 2 0
subscription-service/cmd/web/mailer.go:171.2,171.26 2 0
subscription-service/cmd/web/mailer.go:175.2,179.1 3 0
subscription-service/cmd/web/mailer.go:181.2,182.16 3 0
subscription-service/cmd/web/mailer.go:183.3,184.1 1 0
subscription-service/cmd/web/mailer.go:186.2,187.16 2 0
subscription-service/cmd/web/mailer.go:188.3,189.1 1 0
subscription-service/cmd/web/mailer.go:191.2,191.18 1 0
subscription-service/cmd/web/mailer.go:195.2,195.11 1 0
subscription-service/cmd/web/mailer.go:197.3,197.33 1 0
subscription-service/cmd/web/mailer.go:199.3,199.31 1 0
subscription-service/cmd/web/mailer.go:201.3,201.29 1 0
subscription-service/cmd/web/mailer.go:203.3,203.33 1 0
subscription-service/cmd/web/main.go:29.2,30.1 11 0
subscription-service/cmd/web/main.go:32.2,33.1 11 0
subscription-service/cmd/web/main.go:35.2,37.1 11 0
subscription-service/cmd/web/main.go:39.2,40.1 11 0
subscription-service/cmd/web/main.go:42.2,51.1 11 0
subscription-service/cmd/web/main.go:54.2,56.1 11 0
subscription-service/cmd/web/main.go:58.2,59.1 11 0
subscription-service/cmd/web/main.go:61.2,62.1 11 0
subscription-service/cmd/web/main.go:64.2,65.1 11 0
subscription-service/cmd/web/main.go:68.2,68.6 1 0
subscription-service/cmd/web/main.go:69.3,69.10 1 0
subscription-service/cmd/web/main.go:71.4,71.29 1 0
subscription-service/cmd/web/main.go:73.4,73.10 1 0
subscription-service/cmd/web/main.go:80.2,83.1 4 0
subscription-service/cmd/web/main.go:85.2,87.16 4 0
subscription-service/cmd/web/main.go:88.3,89.1 1 0
subscription-service/cmd/web/main.go:94.2,95.17 2 0
subscription-service/cmd/web/main.go:96.3,97.1 1 0
subscription-service/cmd/web/main.go:98.2,98.13 1 0
subscription-service/cmd/web/main.go:104.2,105.1 3 0
subscription-service/cmd/web/main.go:106.2,107.1 3 0
subscription-service/cmd/web/main.go:108.2,108.6 3 0
subscription-service/cmd/web/main.go:109.3,110.17 2 0
subscription-service/cmd/web/main.go:111.4,112.1 1 0
subscription-service/cmd/web/main.go:113.4,115.1 2 0
subscription-service/cmd/web/main.go:117.3,117.18 1 0
subscription-service/cmd/web/main.go:118.4,119.1 1 0
subscription-service/cmd/web/main.go:121.3,124.1 4 0
subscription-service/cmd/web/main.go:125.3,125.11 4 0
subscription-service/cmd/web/main.go:132.2,133.16 2 0
subscription-service/cmd/web/main.go:134.3,135.1 1 0
subscription-service/cmd/web/main.go:137.2,138.16 2 0
subscription-service/cmd/web/main.go:139.3,140.1 1 0
subscription-service/cmd/web/main.go:142.2,142.16 1 0
subscription-service/cmd/web/main.go:147.2,148.1 8 0
subscription-service/cmd/web/main.go:150.2,156.1 8 0
subscription-service/cmd/web/main.go:157.2,158.1 8 0
subscription-service/cmd/web/main.go:163.2,165.36 1 0
subscription-service/cmd/web/main.go:166.4,167.1 1 0
subscription-service/cmd/web/main.go:170.2,170.18 1 0
subscription-service/cmd/web/main.go:174.2,179.1 5 0
subscription-service/cmd/web/main.go:183.2,184.1 10 0
subscription-service/cmd/web/main.go:186.2,187.1 10 0
subscription-service/cmd/web/main.go:188.2,190.1 10 0
subscription-service/cmd/web/main.go:191.2,197.1 10 0
subscription-service/cmd/web/main.go:201.2,204.1 5 0
subscription-service/cmd/web/main.go:205.2,216.1 5 0
subscription-service/cmd/web/main.go:218.2,219.1 5 0
subscription-service/cmd/web/middleware.go:6.2,7.1 1 1
subscription-service/cmd/web/middleware.go:10.2,10.71 1 1
subscription-service/cmd/web/middleware.go:11.3,11.49 1 0
subscription-service/cmd/web/middleware.go:12.4,15.1 3 0
subscription-service/cmd/web/middleware.go:16.3,16.24 1 0
subscription-service/cmd/web/render.go:27.2,33.1 4 1
subscription-service/cmd/web/render.go:35.2,37.1 4 1
subscription-service/cmd/web/render.go:38.2,38.29 4 1
subscription-service/cmd/web/render.go:39.3,40.1 1 1
subscription-service/cmd/web/render.go:42.2,42.15 1 1
subscription-service/cmd/web/render.go:43.3,44.1 1 1
subscription-service/cmd/web/render.go:46.2,47.16 2 1
subscription-service/cmd/web/render.go:48.3,51.1 3 0
subscription-service/cmd/web/render.go:53.2,53.67 1 1
subscription-service/cmd/web/render.go:54.3,57.1 3 0
subscription-service/cmd/web/render.go:61.2,64.28 4 1
subscription-service/cmd/web/render.go:65.3,67.10 3 1
subscription-service/cmd/web/render.go:68.4,69.1 1 0
subscription-service/cmd/web/render.go:70.4,71.1 1 1
subscription-service/cmd/web/render.go:73.2,74.1 2 1
subscription-service/cmd/web/render.go:75.2,75.11 2 1
subscription-service/cmd/web/render.go:79.2,80.1 1 1
subscription-service/cmd/web/routes.go:12.2,13.1 12 1
subscription-service/cmd/web/routes.go:15.2,17.1 12 1
subscription-service/cmd/web/routes.go:19.2,20.1 12 1
subscription-service/cmd/web/routes.go:21.2,27.1 12 1
subscription-service/cmd/web/routes.go:28.2,29.1 12 1
subscription-service/cmd/web/routes.go:30.2,31.1 12 1
subscription-service/cmd/web/routes.go:34.2,36.1 5 1
subscription-service/cmd/web/routes.go:37.2,39.1 5 1
subscription-service/cmd/web/routes.go:40.2,41.1 5 1
subscription-service/cmd/web/signer.go:16.2,17.1 1 0
subscription-service/cmd/web/signer.go:21.2,22.1 3 0
subscription-service/cmd/web/signer.go:23.2,24.33 3 0
subscription-service/cmd/web/signer.go:25.3,26.1 1 0
subscription-service/cmd/web/signer.go:27.3,28.1 1 0
subscription-service/cmd/web/signer.go:30.2,32.1 3 0
subscription-service/cmd/web/signer.go:33.2,33.14 3 0
subscription-service/cmd/web/signer.go:38.2,40.1 3 0
subscription-service/cmd/web/signer.go:41.2,41.16 3 0
subscription-service/cmd/web/signer.go:44.3,45.1 1 0
subscription-service/cmd/web/signer.go:47.2,47.13 1 0
subscription-service/cmd/web/signer.go:53.2,55.1 3 0
subscription-service/cmd/web/signer.go:57.2,58.1 3 0
